<?xml version="1.0" encoding="utf-8"?><testsuites name="pytest tests"><testsuite name="pytest" errors="0" failures="0" skipped="0" tests="15" time="0.225" timestamp="2025-11-17T18:18:26.052577-06:00" hostname="Alans-MacBook-Air.local"><testcase classname="tests.integration.test_full_pipeline" name="test_prediction_pipeline_integrity" time="0.023" /><testcase classname="tests.integration.test_full_pipeline" name="test_end_to_end_prediction_flow" time="0.003" /><testcase classname="tests.unit.test_data_cleaner" name="test_coerce_numeric" time="0.003" /><testcase classname="tests.unit.test_data_cleaner" name="test_drop_missing_values" time="0.003" /><testcase classname="tests.unit.test_data_cleaner" name="test_remove_outliers_iqr" time="0.003" /><testcase classname="tests.unit.test_data_loader" name="test_save_and_load_csv" time="0.004" /><testcase classname="tests.unit.test_predictor" name="test_predictor_predict_dataframe" time="0.002" /><testcase classname="tests.unit.test_predictor" name="test_multitarget_predictor_predict_dict" time="0.001" /><testcase classname="tests.unit.test_trainier_metrics" name="test_compute_metrics_perfect_fit" time="0.010" /><testcase classname="tests.unit.test_trainier_metrics" name="test_compute_metrics_r2_zero" time="0.002" /><testcase classname="tests.unit.test_transformers" name="test_imputer_median_strategy" time="0.003" /><testcase classname="tests.unit.test_transformers" name="test_imputer_drop_strategy" time="0.001" /><testcase classname="tests.unit.test_transformers" name="test_outlier_remover_clip_mode" time="0.003" /><testcase classname="tests.unit.test_transformers" name="test_categorical_cleaner_replace_rare" time="0.002" /><testcase classname="tests.unit.test_transformers" name="test_duplicate_remover_transform" time="0.001" /></testsuite></testsuites>